Removed Pin From Net: NetName=P1 Pin=J4-1
Removed Pin From Net: NetName=P2 Pin=J4-4
Removed Pin From Net: NetName=P3 Pin=J4-5
Removed Pin From Net: NetName=P4 Pin=J8-1
Removed Pin From Net: NetName=P5 Pin=J8-4
Removed Pin From Net: NetName=P6 Pin=J8-5
Removed Pin From Net: NetName=J1S Pin=J9-1
Removed Pin From Net: NetName=J2S Pin=J9-2
Removed Pin From Net: NetName=J3S Pin=J9-3
Removed Pin From Net: NetName=J4S Pin=J9-4
Removed Pin From Net: NetName=J5S Pin=J9-5
Removed Pin From Net: NetName=J6S Pin=J9-6
Removed Pin From Net: NetName=J1S Pin=J9-7
Removed Pin From Net: NetName=J2S Pin=J9-8
Removed Pin From Net: NetName=J3S Pin=J9-9
Removed Pin From Net: NetName=J4S Pin=J9-10
Removed Pin From Net: NetName=J5S Pin=J9-11
Removed Pin From Net: NetName=J6S Pin=J9-12
Removed Pin From Net: NetName=J1G Pin=J10-1
Removed Pin From Net: NetName=J2G Pin=J10-2
Removed Pin From Net: NetName=J3G Pin=J10-3
Removed Pin From Net: NetName=J4G Pin=J10-4
Removed Pin From Net: NetName=J5G Pin=J10-5
Removed Pin From Net: NetName=J6G Pin=J10-6
Removed Pin From Net: NetName=J1G Pin=J10-7
Removed Pin From Net: NetName=J2G Pin=J10-8
Removed Pin From Net: NetName=J3G Pin=J10-9
Removed Pin From Net: NetName=J4G Pin=J10-10
Removed Pin From Net: NetName=J5G Pin=J10-11
Removed Pin From Net: NetName=J6G Pin=J10-12
Removed Pin From Net: NetName=BC1 Pin=J11-7
Removed Pin From Net: NetName=BC2 Pin=J11-8
Removed Pin From Net: NetName=BC3 Pin=J11-9
Removed Pin From Net: NetName=BC4 Pin=J11-10
Removed Pin From Net: NetName=BC5 Pin=J11-11
Removed Pin From Net: NetName=BC6 Pin=J11-12
Added Pin To Net: NetName=P6 Pin=J4-1
Added Pin To Net: NetName=P5 Pin=J4-4
Added Pin To Net: NetName=P4 Pin=J4-5
Added Pin To Net: NetName=P3 Pin=J8-1
Added Pin To Net: NetName=P2 Pin=J8-4
Added Pin To Net: NetName=P1 Pin=J8-5
Added Pin To Net: NetName=J6S Pin=J9-1
Added Pin To Net: NetName=J5S Pin=J9-2
Added Pin To Net: NetName=J4S Pin=J9-3
Added Pin To Net: NetName=J3S Pin=J9-4
Added Pin To Net: NetName=J2S Pin=J9-5
Added Pin To Net: NetName=J1S Pin=J9-6
Added Pin To Net: NetName=J6S Pin=J9-7
Added Pin To Net: NetName=J5S Pin=J9-8
Added Pin To Net: NetName=J4S Pin=J9-9
Added Pin To Net: NetName=J3S Pin=J9-10
Added Pin To Net: NetName=J2S Pin=J9-11
Added Pin To Net: NetName=J1S Pin=J9-12
Added Pin To Net: NetName=J6G Pin=J10-1
Added Pin To Net: NetName=J5G Pin=J10-2
Added Pin To Net: NetName=J4G Pin=J10-3
Added Pin To Net: NetName=J3G Pin=J10-4
Added Pin To Net: NetName=J2G Pin=J10-5
Added Pin To Net: NetName=J1G Pin=J10-6
Added Pin To Net: NetName=J6G Pin=J10-7
Added Pin To Net: NetName=J5G Pin=J10-8
Added Pin To Net: NetName=J4G Pin=J10-9
Added Pin To Net: NetName=J3G Pin=J10-10
Added Pin To Net: NetName=J2G Pin=J10-11
Added Pin To Net: NetName=J1G Pin=J10-12
Added Pin To Net: NetName=BC6 Pin=J11-7
Added Pin To Net: NetName=BC5 Pin=J11-8
Added Pin To Net: NetName=BC4 Pin=J11-9
Added Pin To Net: NetName=BC3 Pin=J11-10
Added Pin To Net: NetName=BC2 Pin=J11-11
Added Pin To Net: NetName=BC1 Pin=J11-12
Change Net Name : Old Net Name=P1 New Net Name=P6
Change Net Name : Old Net Name=P2 New Net Name=P5
Change Net Name : Old Net Name=P3 New Net Name=P4
Change Net Name : Old Net Name=P4 New Net Name=P3
Change Net Name : Old Net Name=P5 New Net Name=P2
Change Net Name : Old Net Name=P6 New Net Name=P1
